test_D1_full_run_without_network (workflow_test_0.TestD1Offline.test_D1_full_run_without_network) ... ok
test_D1_test_file_registered (workflow_test_0.TestD1Offline.test_D1_test_file_registered) ... ok
test_R1_every_source_uses_unified_fields (workflow_test_0.TestR1UnifiedFormat.test_R1_every_source_uses_unified_fields) ... ok
test_R1_hn_story_becomes_item (workflow_test_0.TestR1UnifiedFormat.test_R1_hn_story_becomes_item) ... ok
test_R1_hn_story_without_url (workflow_test_0.TestR1UnifiedFormat.test_R1_hn_story_without_url) ... ok
test_R1_trending_parsed_from_real_page (workflow_test_0.TestR1UnifiedFormat.test_R1_trending_parsed_from_real_page) ... ok
test_R2_disabled_source_makes_no_request (workflow_test_0.TestR2Filters.test_R2_disabled_source_makes_no_request) ... ok
test_R2_github_search_created_window (workflow_test_0.TestR2Filters.test_R2_github_search_created_window) ... ok
test_R2_hf_pipeline_filter (workflow_test_0.TestR2Filters.test_R2_hf_pipeline_filter) ... ok
test_R2_hn_points_threshold (workflow_test_0.TestR2Filters.test_R2_hn_points_threshold) ... ok
test_R2_papers_date_and_min_upvotes (workflow_test_0.TestR2Filters.test_R2_papers_date_and_min_upvotes) ... ok
test_R2_rss_window (workflow_test_0.TestR2Filters.test_R2_rss_window) ... ok
test_R3_delta_from_previous_snapshot (workflow_test_0.TestR3Growth.test_R3_delta_from_previous_snapshot) ... ok
test_R3_first_time_seen_is_null (workflow_test_0.TestR3Growth.test_R3_first_time_seen_is_null) ... ok
test_R3_no_snapshot_at_all_is_null (workflow_test_0.TestR3Growth.test_R3_no_snapshot_at_all_is_null) ... ok
test_R3_same_day_rerun_compares_with_earlier (workflow_test_0.TestR3Growth.test_R3_same_day_rerun_compares_with_earlier) ... ok
test_R4_hn_links_trending_repo (workflow_test_0.TestR4Dedupe.test_R4_hn_links_trending_repo) ... ok
test_R4_normalize_url (workflow_test_0.TestR4Dedupe.test_R4_normalize_url) ... ok
test_R5_all_sources_down (workflow_test_0.TestR5FailureIsolation.test_R5_all_sources_down) ... ok
test_R5_one_source_down (workflow_test_0.TestR5FailureIsolation.test_R5_one_source_down) ... ok
test_R5_partial_rss_failure_is_warning (workflow_test_0.TestR5FailureIsolation.test_R5_partial_rss_failure_is_warning) ... ok
test_R5_token_masked (workflow_test_0.TestR5FailureIsolation.test_R5_token_masked) ... ok
test_R5_unrequested_gzip_body_is_decoded (workflow_test_0.TestR5FailureIsolation.test_R5_unrequested_gzip_body_is_decoded) ... ok
test_R6_default_date_is_taipei (workflow_test_0.TestR6Output.test_R6_default_date_is_taipei) ... ok
test_R6_explicit_date_and_file_shape (workflow_test_0.TestR6Output.test_R6_explicit_date_and_file_shape) ... ok
test_R6_rerun_overwrites (workflow_test_0.TestR6Output.test_R6_rerun_overwrites) ... ok
test_R6_summary_printed (workflow_test_0.TestR6Output.test_R6_summary_printed) ... ok
test_D1_full_run_without_network (workflow_test_1.TestD1Offline.test_D1_full_run_without_network) ... ok
test_D1_test_file_registered (workflow_test_1.TestD1Offline.test_D1_test_file_registered) ... ok
test_R1_compact_lines_have_no_urls (workflow_test_1.TestR1Candidates.test_R1_compact_lines_have_no_urls) ... ok
test_R1_missing_raw_file (workflow_test_1.TestR1Candidates.test_R1_missing_raw_file) ... ok
test_R1_per_source_cap_and_order (workflow_test_1.TestR1Candidates.test_R1_per_source_cap_and_order) ... ok
test_R1_trending_sorted_by_stars_today (workflow_test_1.TestR1Candidates.test_R1_trending_sorted_by_stars_today) ... ok
test_R2_exclusions_in_prompt (workflow_test_1.TestR2Selection.test_R2_exclusions_in_prompt) ... ok
test_R2_invalid_selections_dropped (workflow_test_1.TestR2Selection.test_R2_invalid_selections_dropped) ... ok
test_R2_minimum_per_section_in_prompt (workflow_test_1.TestR2Selection.test_R2_minimum_per_section_in_prompt) ... ok
test_R2_ref_used_once_across_sections (workflow_test_1.TestR2Selection.test_R2_ref_used_once_across_sections) ... ok
test_R2_section_cap (workflow_test_1.TestR2Selection.test_R2_section_cap) ... ok
test_R2_try_one_ranked_candidates (workflow_test_1.TestR2Selection.test_R2_try_one_ranked_candidates) ... ok
test_R3_enrichment_failure (workflow_test_1.TestR3Enrichment.test_R3_enrichment_failure) ... ok
test_R3_github_readme_and_model_card (workflow_test_1.TestR3Enrichment.test_R3_github_readme_and_model_card) ... ok
test_R3_paper_uses_abstract_without_request (workflow_test_1.TestR3Enrichment.test_R3_paper_uses_abstract_without_request) ... ok
test_R3_truncated (workflow_test_1.TestR3Enrichment.test_R3_truncated) ... ok
test_R4_fallback_item (workflow_test_1.TestR4Writing.test_R4_fallback_item) ... ok
test_R4_paper_and_hn_sources (workflow_test_1.TestR4Writing.test_R4_paper_and_hn_sources) ... ok
test_R4_retry_fixes_batch (workflow_test_1.TestR4Writing.test_R4_retry_fixes_batch) ... ok
test_R4_sources_come_from_raw_data (workflow_test_1.TestR4Writing.test_R4_sources_come_from_raw_data) ... ok
test_R4_try_one_skipped_by_writer (workflow_test_1.TestR4Writing.test_R4_try_one_skipped_by_writer) ... ok
test_R4_try_one_steps_limited (workflow_test_1.TestR4Writing.test_R4_try_one_steps_limited) ... ok
test_R5_all_models_fail (workflow_test_1.TestR5Client.test_R5_all_models_fail) ... ok
test_R5_busy_then_retry (workflow_test_1.TestR5Client.test_R5_busy_then_retry) ... ok
test_R5_json_mode_and_fenced_text (workflow_test_1.TestR5Client.test_R5_json_mode_and_fenced_text) ... ok
test_R5_key_from_env_file (workflow_test_1.TestR5Client.test_R5_key_from_env_file) ... ok
test_R5_key_masked (workflow_test_1.TestR5Client.test_R5_key_masked) ... ok
test_R5_missing_key (workflow_test_1.TestR5Client.test_R5_missing_key) ... ok
test_R5_model_list_has_no_retired_model (workflow_test_1.TestR5Client.test_R5_model_list_has_no_retired_model) ... ok
test_R5_non_retryable_does_not_wait (workflow_test_1.TestR5Client.test_R5_non_retryable_does_not_wait) ... ok
test_R5_quota_fallback (workflow_test_1.TestR5Client.test_R5_quota_fallback) ... ok
test_R5_retired_model_not_retried (workflow_test_1.TestR5Client.test_R5_retired_model_not_retried) ... ok
test_R2_empty_section_reselected (workflow_test_1.TestR6Output.test_R2_empty_section_reselected) ... ok
test_R2_no_reselect_when_complete (workflow_test_1.TestR6Output.test_R2_no_reselect_when_complete) ... ok
test_R2_worse_reselection_keeps_first (workflow_test_1.TestR6Output.test_R2_worse_reselection_keeps_first) ... ok
test_R4_try_one_falls_through_to_next_candidate (workflow_test_1.TestR6Output.test_R4_try_one_falls_through_to_next_candidate) ... ok
test_R6_dry_run (workflow_test_1.TestR6Output.test_R6_dry_run) ... ok
test_R6_llm_failure_exit_1 (workflow_test_1.TestR6Output.test_R6_llm_failure_exit_1) ... ok
test_R6_output_shape (workflow_test_1.TestR6Output.test_R6_output_shape) ... ok
test_R7_example_fallback (workflow_test_1.TestR7Profile.test_R7_example_fallback) ... ok
test_R7_private_profile_used (workflow_test_1.TestR7Profile.test_R7_private_profile_used) ... ok
test_R7_profile_gitignored (workflow_test_1.TestR7Profile.test_R7_profile_gitignored) ... ok
test_D1_full_flow_without_network (workflow_test_2.TestD1Offline.test_D1_full_flow_without_network) ... ok
test_D1_test_file_registered (workflow_test_2.TestD1Offline.test_D1_test_file_registered) ... ok
test_R10_missing_read_key (workflow_test_2.TestR10CollectWeb.test_R10_missing_read_key) ... ok
test_R10_no_endpoint_no_call (workflow_test_2.TestR10CollectWeb.test_R10_no_endpoint_no_call) ... ok
test_R10_paging_bad_rows_and_unknown (workflow_test_2.TestR10CollectWeb.test_R10_paging_bad_rows_and_unknown) ... ok
test_R10_partial_progress_kept_on_error (workflow_test_2.TestR10CollectWeb.test_R10_partial_progress_kept_on_error) ... ok
test_R10_web_ratings_collected (workflow_test_2.TestR10CollectWeb.test_R10_web_ratings_collected) ... ok
test_R10_worker_error_masked (workflow_test_2.TestR10CollectWeb.test_R10_worker_error_masked) ... ok
test_R1_escaping_and_unsafe_links (workflow_test_2.TestR1DailyPage.test_R1_escaping_and_unsafe_links) ... ok
test_R1_fallback_marked (workflow_test_2.TestR1DailyPage.test_R1_fallback_marked) ... ok
test_R1_no_try_one (workflow_test_2.TestR1DailyPage.test_R1_no_try_one) ... ok
test_R1_sections_and_content (workflow_test_2.TestR1DailyPage.test_R1_sections_and_content) ... ok
test_R2_history_list (workflow_test_2.TestR2Index.test_R2_history_list) ... ok
test_R2_no_digest (workflow_test_2.TestR2Index.test_R2_no_digest) ... ok
test_R3_direct_mode_markup (workflow_test_2.TestR3DirectMode.test_R3_direct_mode_markup) ... ok
test_R3_endpoint_not_https (workflow_test_2.TestR3DirectMode.test_R3_endpoint_not_https) ... ok
test_R3_endpoint_without_bot (workflow_test_2.TestR3DirectMode.test_R3_endpoint_without_bot) ... ok
test_R3_script_pass_and_fallback (workflow_test_2.TestR3DirectMode.test_R3_script_pass_and_fallback) ... ok
test_R3_deep_link_format (workflow_test_2.TestR3FeedbackLinks.test_R3_deep_link_format) ... ok
test_R3_no_links_without_username (workflow_test_2.TestR3FeedbackLinks.test_R3_no_links_without_username) ... ok
test_R4_already_pushed (workflow_test_2.TestR4Push.test_R4_already_pushed) ... ok
test_R4_dry_run (workflow_test_2.TestR4Push.test_R4_dry_run) ... ok
test_R4_html_escaped (workflow_test_2.TestR4Push.test_R4_html_escaped) ... ok
test_R4_message_content (workflow_test_2.TestR4Push.test_R4_message_content) ... ok
test_R4_too_long (workflow_test_2.TestR4Push.test_R4_too_long) ... ok
test_R5_missing_token (workflow_test_2.TestR5Credentials.test_R5_missing_token) ... ok
test_R5_token_from_env_file (workflow_test_2.TestR5Credentials.test_R5_token_from_env_file) ... ok
test_R5_token_masked_and_403_hint (workflow_test_2.TestR5Credentials.test_R5_token_masked_and_403_hint) ... ok
test_R6_day_button (workflow_test_2.TestR6Collect.test_R6_day_button) ... ok
test_R6_item_deep_link (workflow_test_2.TestR6Collect.test_R6_item_deep_link) ... ok
test_R6_offset_advances_and_bad_format_skipped (workflow_test_2.TestR6Collect.test_R6_offset_advances_and_bad_format_skipped) ... ok
test_R6_reply_failure_still_records (workflow_test_2.TestR6Collect.test_R6_reply_failure_still_records) ... ok
test_R6_stranger_ignored (workflow_test_2.TestR6Collect.test_R6_stranger_ignored) ... ok
test_R6_unknown_item (workflow_test_2.TestR6Collect.test_R6_unknown_item) ... ok
test_R7_env_override (workflow_test_2.TestR7FeedbackLocation.test_R7_env_override) ... ok
test_R7_gitignored (workflow_test_2.TestR7FeedbackLocation.test_R7_gitignored) ... ok
test_R9_error_masked (workflow_test_2.TestR9PassLink.test_R9_error_masked) ... ok
test_R9_link_sent (workflow_test_2.TestR9PassLink.test_R9_link_sent) ... ok
test_R9_missing_pass_key (workflow_test_2.TestR9PassLink.test_R9_missing_pass_key) ... ok
test_D1_pinned_major_versions (workflow_test_3.TestD1StaticChecks.test_D1_pinned_major_versions) ... ok
test_D1_test_file_registered (workflow_test_3.TestD1StaticChecks.test_D1_test_file_registered) ... ok
test_R1_command_order_in_build (workflow_test_3.TestR1DailyOrder.test_R1_command_order_in_build) ... ok
test_R1_cron_and_manual (workflow_test_3.TestR1DailyOrder.test_R1_cron_and_manual) ... ok
test_R1_deploy_before_push (workflow_test_3.TestR1DailyOrder.test_R1_deploy_before_push) ... ok
test_R1_digest_failure_keeps_raw_data (workflow_test_3.TestR1DailyOrder.test_R1_digest_failure_keeps_raw_data) ... ok
test_R1_digest_retried_once (workflow_test_3.TestR1DailyOrder.test_R1_digest_retried_once) ... ok
test_R2_feedback_not_written_to_public_repo (workflow_test_3.TestR2Collect.test_R2_feedback_not_written_to_public_repo) ... ok
test_R2_schedule_and_private_repo (workflow_test_3.TestR2Collect.test_R2_schedule_and_private_repo) ... ok
test_R3_shared_group_no_cancel (workflow_test_3.TestR3Concurrency.test_R3_shared_group_no_cancel) ... ok
test_R4_minimal_permissions (workflow_test_3.TestR4Secrets.test_R4_minimal_permissions) ... ok
test_R4_only_known_secrets (workflow_test_3.TestR4Secrets.test_R4_only_known_secrets) ... ok
test_R4_profile_written_not_committed (workflow_test_3.TestR4Secrets.test_R4_profile_written_not_committed) ... ok
test_R4_read_key_only_in_collect (workflow_test_3.TestR4Secrets.test_R4_read_key_only_in_collect) ... ok
test_R5_every_job_notifies (workflow_test_3.TestR5FailureNotice.test_R5_every_job_notifies) ... ok
test_R6_commit_steps (workflow_test_3.TestR6SafeCommits.test_R6_commit_steps) ... ok
test_D1_collect_workflow_secret (workflow_test_4.TestD1Config.test_D1_collect_workflow_secret) ... ok
test_D1_test_file_registered (workflow_test_4.TestD1Config.test_D1_test_file_registered) ... ok
test_D1_wrangler_config (workflow_test_4.TestD1Config.test_D1_wrangler_config) ... ok
test_R8_bad_content_rejected (workflow_test_4.TestR8Endpoint.test_R8_bad_content_rejected) ... ok
test_R8_cors_preflight (workflow_test_4.TestR8Endpoint.test_R8_cors_preflight) ... ok
test_R8_date_window (workflow_test_4.TestR8Endpoint.test_R8_date_window) ... ok
test_R8_missing_web_key_fails_closed (workflow_test_4.TestR8Endpoint.test_R8_missing_web_key_fails_closed) ... ok
test_R8_no_pass_rejected (workflow_test_4.TestR8Endpoint.test_R8_no_pass_rejected) ... ok
test_R8_other_paths_and_methods (workflow_test_4.TestR8Endpoint.test_R8_other_paths_and_methods) ... ok
test_R8_rate_limit_before_auth (workflow_test_4.TestR8Endpoint.test_R8_rate_limit_before_auth) ... ok
test_R8_rate_limited (workflow_test_4.TestR8Endpoint.test_R8_rate_limited) ... ok
test_R8_read_page_size (workflow_test_4.TestR8Endpoint.test_R8_read_page_size) ... ok
test_R8_read_with_read_key (workflow_test_4.TestR8Endpoint.test_R8_read_with_read_key) ... ok
test_R8_site_unavailable (workflow_test_4.TestR8Endpoint.test_R8_site_unavailable) ... ok
test_R8_too_large (workflow_test_4.TestR8Endpoint.test_R8_too_large) ... ok
test_R8_unknown_item_rejected (workflow_test_4.TestR8Endpoint.test_R8_unknown_item_rejected) ... ok
test_R8_valid_rating_stored (workflow_test_4.TestR8Endpoint.test_R8_valid_rating_stored) ... ok

----------------------------------------------------------------------
Ran 141 tests in 2.557s

OK
