test_D1_full_run_without_network (workflow_test_0.TestD1Offline.test_D1_full_run_without_network) ... ok
test_D1_test_file_registered (workflow_test_0.TestD1Offline.test_D1_test_file_registered) ... ok
test_R1_every_source_uses_unified_fields (workflow_test_0.TestR1UnifiedFormat.test_R1_every_source_uses_unified_fields) ... ok
test_R1_hn_story_becomes_item (workflow_test_0.TestR1UnifiedFormat.test_R1_hn_story_becomes_item) ... ok
test_R1_hn_story_without_url (workflow_test_0.TestR1UnifiedFormat.test_R1_hn_story_without_url) ... ok
test_R1_trending_parsed_from_real_page (workflow_test_0.TestR1UnifiedFormat.test_R1_trending_parsed_from_real_page) ... ok
test_R2_disabled_source_makes_no_request (workflow_test_0.TestR2Filters.test_R2_disabled_source_makes_no_request) ... ok
test_R2_github_search_created_window (workflow_test_0.TestR2Filters.test_R2_github_search_created_window) ... ok
test_R2_hf_pipeline_filter (workflow_test_0.TestR2Filters.test_R2_hf_pipeline_filter) ... ok
test_R2_hn_points_threshold (workflow_test_0.TestR2Filters.test_R2_hn_points_threshold) ... ok
test_R2_papers_date_and_min_upvotes (workflow_test_0.TestR2Filters.test_R2_papers_date_and_min_upvotes) ... ok
test_R2_rss_window (workflow_test_0.TestR2Filters.test_R2_rss_window) ... ok
test_R3_delta_from_previous_snapshot (workflow_test_0.TestR3Growth.test_R3_delta_from_previous_snapshot) ... ok
test_R3_first_time_seen_is_null (workflow_test_0.TestR3Growth.test_R3_first_time_seen_is_null) ... ok
test_R3_no_snapshot_at_all_is_null (workflow_test_0.TestR3Growth.test_R3_no_snapshot_at_all_is_null) ... ok
test_R3_same_day_rerun_compares_with_earlier (workflow_test_0.TestR3Growth.test_R3_same_day_rerun_compares_with_earlier) ... ok
test_R4_hn_links_trending_repo (workflow_test_0.TestR4Dedupe.test_R4_hn_links_trending_repo) ... ok
test_R4_normalize_url (workflow_test_0.TestR4Dedupe.test_R4_normalize_url) ... ok
test_R5_all_sources_down (workflow_test_0.TestR5FailureIsolation.test_R5_all_sources_down) ... ok
test_R5_one_source_down (workflow_test_0.TestR5FailureIsolation.test_R5_one_source_down) ... ok
test_R5_partial_rss_failure_is_warning (workflow_test_0.TestR5FailureIsolation.test_R5_partial_rss_failure_is_warning) ... ok
test_R5_token_masked (workflow_test_0.TestR5FailureIsolation.test_R5_token_masked) ... ok
test_R5_unrequested_gzip_body_is_decoded (workflow_test_0.TestR5FailureIsolation.test_R5_unrequested_gzip_body_is_decoded) ... ok
test_R6_default_date_is_taipei (workflow_test_0.TestR6Output.test_R6_default_date_is_taipei) ... ok
test_R6_explicit_date_and_file_shape (workflow_test_0.TestR6Output.test_R6_explicit_date_and_file_shape) ... ok
test_R6_rerun_overwrites (workflow_test_0.TestR6Output.test_R6_rerun_overwrites) ... ok
test_R6_summary_printed (workflow_test_0.TestR6Output.test_R6_summary_printed) ... ok
test_D1_full_run_without_network (workflow_test_1.TestD1Offline.test_D1_full_run_without_network) ... ok
test_D1_test_file_registered (workflow_test_1.TestD1Offline.test_D1_test_file_registered) ... ok
test_R1_compact_lines_have_no_urls (workflow_test_1.TestR1Candidates.test_R1_compact_lines_have_no_urls) ... ok
test_R1_missing_raw_file (workflow_test_1.TestR1Candidates.test_R1_missing_raw_file) ... ok
test_R1_per_source_cap_and_order (workflow_test_1.TestR1Candidates.test_R1_per_source_cap_and_order) ... ok
test_R1_trending_sorted_by_stars_today (workflow_test_1.TestR1Candidates.test_R1_trending_sorted_by_stars_today) ... ok
test_R2_exclusions_in_prompt (workflow_test_1.TestR2Selection.test_R2_exclusions_in_prompt) ... ok
test_R2_invalid_selections_dropped (workflow_test_1.TestR2Selection.test_R2_invalid_selections_dropped) ... ok
test_R2_ref_used_once_across_sections (workflow_test_1.TestR2Selection.test_R2_ref_used_once_across_sections) ... ok
test_R2_section_cap (workflow_test_1.TestR2Selection.test_R2_section_cap) ... ok
test_R2_try_one_ranked_candidates (workflow_test_1.TestR2Selection.test_R2_try_one_ranked_candidates) ... ok
test_R3_enrichment_failure (workflow_test_1.TestR3Enrichment.test_R3_enrichment_failure) ... ok
test_R3_github_readme_and_model_card (workflow_test_1.TestR3Enrichment.test_R3_github_readme_and_model_card) ... ok
test_R3_paper_uses_abstract_without_request (workflow_test_1.TestR3Enrichment.test_R3_paper_uses_abstract_without_request) ... ok
test_R3_truncated (workflow_test_1.TestR3Enrichment.test_R3_truncated) ... ok
test_R4_fallback_item (workflow_test_1.TestR4Writing.test_R4_fallback_item) ... ok
test_R4_paper_and_hn_sources (workflow_test_1.TestR4Writing.test_R4_paper_and_hn_sources) ... ok
test_R4_retry_fixes_batch (workflow_test_1.TestR4Writing.test_R4_retry_fixes_batch) ... ok
test_R4_sources_come_from_raw_data (workflow_test_1.TestR4Writing.test_R4_sources_come_from_raw_data) ... ok
test_R4_try_one_skipped_by_writer (workflow_test_1.TestR4Writing.test_R4_try_one_skipped_by_writer) ... ok
test_R4_try_one_steps_limited (workflow_test_1.TestR4Writing.test_R4_try_one_steps_limited) ... ok
test_R5_all_models_fail (workflow_test_1.TestR5Client.test_R5_all_models_fail) ... ok
test_R5_json_mode_and_fenced_text (workflow_test_1.TestR5Client.test_R5_json_mode_and_fenced_text) ... ok
test_R5_key_from_env_file (workflow_test_1.TestR5Client.test_R5_key_from_env_file) ... ok
test_R5_key_masked (workflow_test_1.TestR5Client.test_R5_key_masked) ... ok
test_R5_missing_key (workflow_test_1.TestR5Client.test_R5_missing_key) ... ok
test_R5_quota_fallback (workflow_test_1.TestR5Client.test_R5_quota_fallback) ... ok
test_R4_try_one_falls_through_to_next_candidate (workflow_test_1.TestR6Output.test_R4_try_one_falls_through_to_next_candidate) ... ok
test_R6_dry_run (workflow_test_1.TestR6Output.test_R6_dry_run) ... ok
test_R6_llm_failure_exit_1 (workflow_test_1.TestR6Output.test_R6_llm_failure_exit_1) ... ok
test_R6_output_shape (workflow_test_1.TestR6Output.test_R6_output_shape) ... ok
test_R7_example_fallback (workflow_test_1.TestR7Profile.test_R7_example_fallback) ... ok
test_R7_private_profile_used (workflow_test_1.TestR7Profile.test_R7_private_profile_used) ... ok
test_R7_profile_gitignored (workflow_test_1.TestR7Profile.test_R7_profile_gitignored) ... ok

----------------------------------------------------------------------
Ran 61 tests in 0.396s

OK
